// Jest Snapshot v1, https://goo.gl/fbAQLP

exports[`<NavButton /> did not change UI compared to recorded snapshot 1`] = `
<div
  className="NavButton fa fa-question"
  id={undefined}
  onClick={[Function]}
  style={Object {}}
/>
`;
